[T] teleport seed (-2.5,0,0)
[INFO] [1787556829.458836542] [seed_side]: seed 10/10 -> /initialpose (-2.50, 0.00, 0.0 deg)  subs=2
[E] eval -> ballA.csv (44s)
[BALL+WALK] ball_head_sim (down-gaze, 34s) + walk straight (30s) in parallel
[INFO] [1787556869.374478102] [walk_op3]: STOP sent.
     walk done; waiting eval+monitors ...
[head monitor]
head cmds=477  gaze-horizon frac=30.2% (takeover)  ball-down frac=69.8%
tilt median=-0.65 rad (-37 deg)
[accuracy]
  ballA.csv: n=440  pos RMSE=0.223 m  median=0.115  p95=0.410  yaw RMSE=1.95 deg
       RAW fix vs GT: n=419  RMSE=0.265 m  median=0.236  p95=0.370
       side (|GT|>0.5m): TRUE 100%  MIRROR 0%  flips=0 (0 near-centre samples excluded)
  pos RMSE [m]      0.223±0.000         0.223     0.223
  yaw RMSE [deg]    1.946±0.000         1.946     1.946
  median [m]        0.115±0.000         0.115     0.115
  p95 [m]           0.410±0.000         0.410     0.410
  mirror [%]        0.0±0.0             0.000     0.000
  side flips [#]    0.0±0.0                 0         0
[done]
