[H] set /degrade_relay filter_classes = [0,1,2]
Set parameter successful
[H] eval point 'c4on_' (2 run, walk=60s) ...
== precheck: is the localization stack up? ==
   OK. eval window per run = 77.0s ; runs = 2 ; prefix = c4on_

############################################################
# RUN 1/2  ->  c4on_1.csv
############################################################
[T2] teleport -> (-2.5, 0.0, 0.0 deg)
     settle 3.0s ...
[T2] seed (reliable, x6) ...
[INFO] [1787538487.259346665] [seed_side]: seed 1/10 -> /initialpose (-2.50, 0.00, 0.0 deg)  subs=1
[INFO] [1787538487.571457808] [seed_side]: seed 2/10 -> /initialpose (-2.50, 0.00, 0.0 deg)  subs=2
[INFO] [1787538487.883517486] [seed_side]: seed 3/10 -> /initialpose (-2.50, 0.00, 0.0 deg)  subs=2
[INFO] [1787538488.198487542] [seed_side]: seed 4/10 -> /initialpose (-2.50, 0.00, 0.0 deg)  subs=2
[INFO] [1787538488.510599935] [seed_side]: seed 5/10 -> /initialpose (-2.50, 0.00, 0.0 deg)  subs=2
[INFO] [1787538488.822373623] [seed_side]: seed 6/10 -> /initialpose (-2.50, 0.00, 0.0 deg)  subs=2
[INFO] [1787538489.134086074] [seed_side]: seed 7/10 -> /initialpose (-2.50, 0.00, 0.0 deg)  subs=2
[INFO] [1787538489.450185935] [seed_side]: seed 8/10 -> /initialpose (-2.50, 0.00, 0.0 deg)  subs=2
[INFO] [1787538489.762288918] [seed_side]: seed 9/10 -> /initialpose (-2.50, 0.00, 0.0 deg)  subs=2
[INFO] [1787538490.077964011] [seed_side]: seed 10/10 -> /initialpose (-2.50, 0.00, 0.0 deg)  subs=2
     settle 2.0s (EKF reset + ref commit) ...
[T3] eval -> c4on_1.csv (dur 77.0s)
[INFO] [1787538492.983386142] [landmark_eval]: logging -> c4on_1.csv (dur=77s)
[T4] walk (x=0.012, angle=0.0, 60s) ...
[INFO] [1787538493.787447357] [walk_op3]: -> walking_module
[INFO] [1787538495.810279762] [walk_op3]: -> set_params x=0.012 y=0.000 angle=0.0deg (period=650ms, hip_pitch=5.0deg)
[INFO] [1787538496.311750161] [walk_op3]: -> start
[INFO] [1787538496.514149318] [walk_op3]: WALKING for 60 s (Ctrl-C to stop early)…
[INFO] [1787538556.587759421] [walk_op3]: -> stop
[INFO] [1787538557.095449751] [walk_op3]: STOP sent.
     walk done; waiting for eval to finish ...

=== live run summary ===
  c4on_1.csv: n=770  pos RMSE=0.159 m  median=0.073  p95=0.147  yaw RMSE=0.51 deg
       time-to-converge(<0.30m for 3s)=3.6 s
       RAW fix vs GT: n=763  RMSE=0.108 m  median=0.074  p95=0.122
       side (|GT|>0.5m): TRUE 100%  MIRROR 0%  flips=0 (0 near-centre samples excluded)
  fixes: full=640 single=20  (8.6/s)  longest fix-less gap=0.33 s
     inter-run gap 4.0s ...

############################################################
# RUN 2/2  ->  c4on_2.csv
############################################################
[T2] teleport -> (-2.5, 0.0, 0.0 deg)
     settle 3.0s ...
[T2] seed (reliable, x6) ...
[INFO] [1787538580.157045215] [seed_side]: seed 1/10 -> /initialpose (-2.50, 0.00, 0.0 deg)  subs=2
[INFO] [1787538580.470022374] [seed_side]: seed 2/10 -> /initialpose (-2.50, 0.00, 0.0 deg)  subs=2
[INFO] [1787538580.782149018] [seed_side]: seed 3/10 -> /initialpose (-2.50, 0.00, 0.0 deg)  subs=2
[INFO] [1787538581.093705472] [seed_side]: seed 4/10 -> /initialpose (-2.50, 0.00, 0.0 deg)  subs=2
[INFO] [1787538581.405601030] [seed_side]: seed 5/10 -> /initialpose (-2.50, 0.00, 0.0 deg)  subs=2
[INFO] [1787538581.717487080] [seed_side]: seed 6/10 -> /initialpose (-2.50, 0.00, 0.0 deg)  subs=2
[INFO] [1787538582.029843051] [seed_side]: seed 7/10 -> /initialpose (-2.50, 0.00, 0.0 deg)  subs=2
[INFO] [1787538582.343253708] [seed_side]: seed 8/10 -> /initialpose (-2.50, 0.00, 0.0 deg)  subs=2
[INFO] [1787538582.655376960] [seed_side]: seed 9/10 -> /initialpose (-2.50, 0.00, 0.0 deg)  subs=2
[INFO] [1787538582.967530419] [seed_side]: seed 10/10 -> /initialpose (-2.50, 0.00, 0.0 deg)  subs=2
     settle 2.0s (EKF reset + ref commit) ...
[T3] eval -> c4on_2.csv (dur 77.0s)
[T4] walk (x=0.012, angle=0.0, 60s) ...
[INFO] [1787538586.427328770] [landmark_eval]: logging -> c4on_2.csv (dur=77s)
[INFO] [1787538587.292855166] [walk_op3]: -> walking_module
[INFO] [1787538589.315774587] [walk_op3]: -> set_params x=0.012 y=0.000 angle=0.0deg (period=650ms, hip_pitch=5.0deg)
[INFO] [1787538589.817312065] [walk_op3]: -> start
[INFO] [1787538590.019502178] [walk_op3]: WALKING for 60 s (Ctrl-C to stop early)…
[INFO] [1787538650.032168697] [walk_op3]: -> stop
[INFO] [1787538650.538183560] [walk_op3]: STOP sent.
     walk done; waiting for eval to finish ...

=== live run summary ===
  c4on_2.csv: n=771  pos RMSE=0.103 m  median=0.082  p95=0.162  yaw RMSE=0.51 deg
       time-to-converge(<0.30m for 3s)=2.5 s
       RAW fix vs GT: n=771  RMSE=0.108 m  median=0.086  p95=0.172
       side (|GT|>0.5m): TRUE 100%  MIRROR 0%  flips=0 (0 near-centre samples excluded)
  fixes: full=540 single=42  (7.6/s)  longest fix-less gap=0.38 s

############################################################
# AGGREGATE
############################################################

##########################################################################
# seeded_B2  (2 runs)
##########################################################################
  c4on_1.csv: n=770  pos RMSE=0.159 m  median=0.073  p95=0.147  yaw RMSE=0.51 deg
       time-to-converge(<0.30m for 3s)=3.6 s
       RAW fix vs GT: n=763  RMSE=0.108 m  median=0.074  p95=0.122
       side (|GT|>0.5m): TRUE 100%  MIRROR 0%  flips=0 (0 near-centre samples excluded)
  c4on_2.csv: n=771  pos RMSE=0.103 m  median=0.082  p95=0.162  yaw RMSE=0.51 deg
       time-to-converge(<0.30m for 3s)=2.5 s
       RAW fix vs GT: n=771  RMSE=0.108 m  median=0.086  p95=0.172
       side (|GT|>0.5m): TRUE 100%  MIRROR 0%  flips=0 (0 near-centre samples excluded)

==========================================================================
SCENARIO: seeded_B2   (n_runs=2)
==========================================================================
  metric            mean±std              min       max
  ------------------------------------------------------
  pos RMSE [m]      0.131±0.028         0.103     0.159
  yaw RMSE [deg]    0.512±0.001         0.511     0.513
  median [m]        0.078±0.005         0.073     0.082
  p95 [m]           0.155±0.007         0.147     0.162
  converge [s]      3.0±0.5             2.473     3.573   [2/2 runs converged]
  mirror [%]        0.0±0.0             0.000     0.000
  side flips [#]    0.0±0.0                 0         0

done. CSVs: c4on_1.csv c4on_2.csv
