x=-3.00 placed=True GTx=-2.99  pos_err=0.218  yaw_err=3.6  -> LOCK-OK
x=-2.00 placed=True GTx=-1.99  pos_err=0.936  yaw_err=0.3  -> AMBIGUOUS
x=-1.00 placed=True GTx=-0.99  pos_err=0.140  yaw_err=0.1  -> LOCK-OK
x=-0.50 placed=True GTx=-0.49  pos_err=0.123  yaw_err=1.5  -> LOCK-OK
x=-0.25 placed=True GTx=-0.24  pos_err=0.077  yaw_err=0.1  -> LOCK-OK
x=+0.25 placed=True GTx=0.26  pos_err=0.028  yaw_err=0.1  -> LOCK-OK
x=+0.50 placed=True GTx=0.51  pos_err=0.705  yaw_err=0.1  -> AMBIGUOUS
x=+1.00 placed=True GTx=1.01  pos_err=0.199  yaw_err=0.1  -> LOCK-OK
x=+2.00 placed=True GTx=2.01  pos_err=0.917  yaw_err=1.0  -> AMBIGUOUS
x=+3.00 placed=True GTx=3.01  pos_err=0.208  yaw_err=0.4  -> LOCK-OK

==== RE-SEED RELIABILITY MAP ====
x[m]     pos_err  yaw_err   class     
-3.00    0.218    3.6       LOCK-OK   
-2.00    0.936    0.3       AMBIGUOUS 
-1.00    0.140    0.1       LOCK-OK   
-0.50    0.123    1.5       LOCK-OK   
-0.25    0.077    0.1       LOCK-OK   
0.25     0.028    0.1       LOCK-OK   
0.50     0.705    0.1       AMBIGUOUS 
1.00     0.199    0.1       LOCK-OK   
2.00     0.917    1.0       AMBIGUOUS 
3.00     0.208    0.4       LOCK-OK   
